Line 4:
foo (123)
    ^
Function takes no parameters
