Line 2:
int16 value = v
      ^^^^^
Variable is of type int16, but value is of type int64
