Line 2:
int64 value = v
      ^^^^^
Variable is of type int64, but value is of type uint16
