Line 1:
int64 v = [1, 2, 3]
      ^
Variable is of type int64, but value is of type uint8[]
