Line 1:
int8 v = [1, 2, 3]
     ^
Variable is of type int8, but value is of type uint8[]
