Line 2:
int8 value = v
     ^^^^^
Variable is of type int8, but value is of type int32
