Line 2:
uint16 value = v
       ^^^^^
Variable is of type uint16, but value is of type int64
