Line 1:
int8 v = 4294967295
     ^
Variable is of type int8, but value is of type uint32
