Line 1:
int16 v = 4294967295
      ^
Variable is of type int16, but value is of type uint32
