Line 1:
uint32 v = [1, 2, 3]
       ^
Variable is of type uint32, but value is of type uint8[]
