Line 1:
int64 v = 255
      ^
Variable is of type int64, but value is of type uint8
