Line 1:
int16 v = 255
      ^
Variable is of type int16, but value is of type uint8
