Line 1:
int32 v = 4294967295
      ^
Variable is of type int32, but value is of type uint32
