Line 2:
uint8 value = v
      ^^^^^
Variable is of type uint8, but value is of type int8
