Line 1:
int16 v = 65535
      ^
Variable is of type int16, but value is of type uint16
