Line 1:
int32 v = 255
      ^
Variable is of type int32, but value is of type uint8
