Line 2:
uint32 value = v
       ^^^^^
Variable is of type uint32, but value is of type int64
