Line 2:
uint64 value = v
       ^^^^^
Variable is of type uint64, but value is of type int16
