Line 1:
uint8 v = [1, 2, 3]
      ^
Variable is of type uint8, but value is of type uint8[]
