Line 1:
int32 v = 65535
      ^
Variable is of type int32, but value is of type uint16
