Line 1:
int64 v = 18446744073709551615
      ^
Variable is of type int64, but value is of type uint64
