Line 1:
print(foo())
      ^^^
Not a variable or function
