Line 1:
unknown value = 42
^^^^^^^
Unknown data type
